../Core/Src/main.c:112:6:Delay_ms	1
../Core/Src/main.c:114:6:BuzzerBeep	1
../Core/Src/main.c:120:6:BuzzerBeepLong	1
../Core/Src/main.c:126:6:ControlRelay	1
../Core/Src/main.c:169:6:Seg7_WriteDigit	12
../Core/Src/main.c:262:6:Seg7_WriteBlank	2
../Core/Src/main.c:277:6:Seg7_Update	3
../Core/Src/main.c:310:6:LCD_ShowIdle	1
../Core/Src/main.c:318:6:LCD_ShowPowerOn	1
../Core/Src/main.c:326:6:LCD_ShowPowerOff	1
../Core/Src/main.c:334:6:LCD_ShowChannelChange	1
../Core/Src/main.c:342:6:LCD_ShowVolumeChange	2
../Core/Src/main.c:350:6:LCD_ShowMuteStatus	2
../Core/Src/main.c:358:6:LCD_ShowError	1
../Core/Src/main.c:367:6:LCD_ShowStatus	2
../Core/Src/main.c:379:6:ProcessPowerButton	2
../Core/Src/main.c:397:6:ProcessChannelUp	3
../Core/Src/main.c:413:6:ProcessChannelDown	3
../Core/Src/main.c:429:6:ProcessVolumeUp	4
../Core/Src/main.c:447:6:ProcessVolumeDown	4
../Core/Src/main.c:465:6:ProcessMuteButton	2
../Core/Src/main.c:483:5:main	7
../Core/Src/main.c:540:6:SystemClock_Config	3
../Core/Src/main.c:568:13:MX_USART2_UART_Init	2
../Core/Src/main.c:583:13:MX_GPIO_Init	1
../Core/Src/main.c:620:6:Error_Handler	1
