../Core/Src/main.c:112:6:Delay_ms	16	static
../Core/Src/main.c:114:6:BuzzerBeep	8	static
../Core/Src/main.c:120:6:BuzzerBeepLong	8	static
../Core/Src/main.c:126:6:ControlRelay	16	static
../Core/Src/main.c:169:6:Seg7_WriteDigit	16	static
../Core/Src/main.c:262:6:Seg7_WriteBlank	16	static
../Core/Src/main.c:277:6:Seg7_Update	16	static
../Core/Src/main.c:310:6:LCD_ShowIdle	8	static
../Core/Src/main.c:318:6:LCD_ShowPowerOn	8	static
../Core/Src/main.c:326:6:LCD_ShowPowerOff	8	static
../Core/Src/main.c:334:6:LCD_ShowChannelChange	8	static
../Core/Src/main.c:342:6:LCD_ShowVolumeChange	8	static
../Core/Src/main.c:350:6:LCD_ShowMuteStatus	8	static
../Core/Src/main.c:358:6:LCD_ShowError	8	static
../Core/Src/main.c:367:6:LCD_ShowStatus	8	static
../Core/Src/main.c:379:6:ProcessPowerButton	8	static
../Core/Src/main.c:397:6:ProcessChannelUp	8	static
../Core/Src/main.c:413:6:ProcessChannelDown	8	static
../Core/Src/main.c:429:6:ProcessVolumeUp	8	static
../Core/Src/main.c:447:6:ProcessVolumeDown	8	static
../Core/Src/main.c:465:6:ProcessMuteButton	8	static
../Core/Src/main.c:483:5:main	24	static
../Core/Src/main.c:540:6:SystemClock_Config	88	static
../Core/Src/main.c:568:13:MX_USART2_UART_Init	8	static
../Core/Src/main.c:583:13:MX_GPIO_Init	48	static
../Core/Src/main.c:620:6:Error_Handler	4	static,ignoring_inline_asm
